0 verbose cli /usr/bin/node /usr/bin/npm
1 info using npm@10.8.2
2 info using node@v18.20.8
3 silly config load:file:/usr/lib/node_modules/npm/npmrc
4 silly config load:file:/home/ubuntu/.npmrc
5 silly config load:file:/usr/etc/npmrc
6 verbose title npm run start
7 verbose argv "run" "start"
8 verbose logfile logs-max:10 dir:/home/ubuntu/.npm/_logs/2026-05-06T17_01_23_330Z-
9 verbose logfile /home/ubuntu/.npm/_logs/2026-05-06T17_01_23_330Z-debug-0.log
10 silly logfile done cleaning log files
11 verbose stack Error: Could not read package.json: Error: ENOENT: no such file or directory, open '/home/ubuntu/package.json'
12 error code ENOENT
13 error syscall open
14 error path /home/ubuntu/package.json
15 error errno -2
16 error enoent Could not read package.json: Error: ENOENT: no such file or directory, open '/home/ubuntu/package.json'
17 error enoent This is related to npm not being able to find a file.
17 error enoent
18 verbose cwd /home/ubuntu
19 verbose os Linux 6.8.0-111-generic
20 verbose node v18.20.8
21 verbose npm  v10.8.2
22 verbose exit -2
23 verbose code -2
24 error A complete log of this run can be found in: /home/ubuntu/.npm/_logs/2026-05-06T17_01_23_330Z-debug-0.log
